
     Program PWSCF v.6.7GPU starts on 18Apr2021 at  9:53: 4 

     This program is part of the open-source Quantum ESPRESSO suite
     for quantum simulation of materials; please cite
         "P. Giannozzi et al., J. Phys.:Condens. Matter 21 395502 (2009);
         "P. Giannozzi et al., J. Phys.:Condens. Matter 29 465901 (2017);
         "P. Giannozzi et al., J. Chem. Phys. 152 154105 (2020);
          URL http://www.quantum-espresso.org", 
     in publications or presentations arising from this work. More details at
     http://www.quantum-espresso.org/quote

     Parallel version (MPI), running on    64 processors

     MPI processes distributed on     4 nodes
     K-points division:     npool     =       8
     R & G space division:  proc/nbgrp/npool/nimage =       8
     Reading input from nscf.in

     Current dimensions of program PWSCF are:
     Max number of different atomic species (ntypx) = 10
     Max number of k-points (npk) =  40000
     Max angular momentum in pseudopotentials (lmaxx) =  3

     Atomic positions and unit cell read from directory:
     ./temp/GaAs.save/
     Atomic positions from file used, from input discarded
 
     file Ga.rel-pbe-dn-kjpaw_psl.0.2.UPF: wavefunction(s)  4S 3D 3D renormalized

     Subspace diagonalization in iterative solution of the eigenvalue problem:
     a serial algorithm will be used

 
     Parallelization info
     --------------------
     sticks:   dense  smooth     PW     G-vecs:    dense   smooth      PW
     Min         533     177     49                22874     4393     650
     Max         535     178     50                22875     4396     652
     Sum        4267    1417    397               182999    35149    5209
 
     Using Slab Decomposition
 


     bravais-lattice index     =            2
     lattice parameter (alat)  =      10.6845  a.u.
     unit-cell volume          =     304.9327 (a.u.)^3
     number of atoms/cell      =            2
     number of atomic types    =            2
     number of electrons       =        18.00
     number of Kohn-Sham states=           26
     kinetic-energy cutoff     =      90.0000  Ry
     charge density cutoff     =    1080.0000  Ry
     Exchange-correlation= SLA  PW   PBX  PBC
                           (   1   4   3   4   0   0   0)
     Non magnetic calculation with spin-orbit


     celldm(1)=  10.684512  celldm(2)=   0.000000  celldm(3)=   0.000000
     celldm(4)=   0.000000  celldm(5)=   0.000000  celldm(6)=   0.000000

     crystal axes: (cart. coord. in units of alat)
               a(1) = (  -0.500000   0.000000   0.500000 )  
               a(2) = (   0.000000   0.500000   0.500000 )  
               a(3) = (  -0.500000   0.500000   0.000000 )  

     reciprocal axes: (cart. coord. in units 2 pi/alat)
               b(1) = ( -1.000000 -1.000000  1.000000 )  
               b(2) = (  1.000000  1.000000  1.000000 )  
               b(3) = ( -1.000000  1.000000 -1.000000 )  


     PseudoPot. # 1 for Ga read from file:
     ../pseudo/Ga.rel-pbe-dn-kjpaw_psl.0.2.UPF
     MD5 check sum: d14e5d5c52162f0341b910dae1be864b
     Pseudo is Projector augmented-wave + core cor, Zval = 13.0
     Generated using "atomic" code by A. Dal Corso  v.5.0.99 svn rev. 10869
     Shape of augmentation charge: BESSEL
     Using radial grid of 1205 points, 10 beta functions with: 
                l(1) =   0
                l(2) =   0
                l(3) =   1
                l(4) =   1
                l(5) =   1
                l(6) =   1
                l(7) =   2
                l(8) =   2
                l(9) =   2
               l(10) =   2
     Q(r) pseudized with 0 coefficients 


     PseudoPot. # 2 for As read from file:
     ../pseudo/As.rel-pbe-n-kjpaw_psl.0.2.UPF
     MD5 check sum: 7d27a24f11cda21f510116033d0cad3c
     Pseudo is Projector augmented-wave + core cor, Zval =  5.0
     Generated using "atomic" code by A. Dal Corso  v.5.0.99 svn rev. 10869
     Shape of augmentation charge: PSQ
     Using radial grid of 1209 points,  6 beta functions with: 
                l(1) =   0
                l(2) =   0
                l(3) =   1
                l(4) =   1
                l(5) =   1
                l(6) =   1
     Q(r) pseudized with 0 coefficients 


     atomic species   valence    mass     pseudopotential
        Ga            13.00   234.00000     Ga( 1.00)
        As             5.00   123.00000     As( 1.00)

     24 Sym. Ops. (no inversion) found



   Cartesian axes

     site n.     atom                  positions (alat units)
         1           Ga  tau(   1) = (   0.0000000   0.0000000   0.0000000  )
         2           As  tau(   2) = (  -0.2500000   0.2500000   0.2500000  )

     number of k points=     8
                       cart. coord. in units 2pi/alat
        k(    1) = (   0.0000000   0.0000000   0.0000000), wk =   0.1250000
        k(    2) = (  -0.5000000   0.5000000  -0.5000000), wk =   0.1250000
        k(    3) = (   0.5000000   0.5000000   0.5000000), wk =   0.1250000
        k(    4) = (   0.0000000   1.0000000   0.0000000), wk =   0.1250000
        k(    5) = (  -0.5000000  -0.5000000   0.5000000), wk =   0.1250000
        k(    6) = (  -1.0000000   0.0000000   0.0000000), wk =   0.1250000
        k(    7) = (   0.0000000   0.0000000   1.0000000), wk =   0.1250000
        k(    8) = (  -0.5000000   0.5000000   0.5000000), wk =   0.1250000

     Dense  grid:   182999 G-vectors     FFT dimensions: (  80,  80,  80)

     Smooth grid:    35149 G-vectors     FFT dimensions: (  45,  45,  45)

     Estimated max dynamical RAM per process >      58.65 MB

     Estimated total dynamical RAM >       3.67 GB

     The potential is recalculated from file :
     ./temp/GaAs.save/charge-density

     Starting wfcs are   26 randomized atomic wfcs
     Checking if some PAW data can be deallocated... 

     Band Structure Calculation
     Davidson diagonalization with overlap

     ethr =  5.56E-13,  avg # of iterations = 33.8

     total cpu time spent up to now is        2.7 secs

     End of band structure calculation

          k = 0.0000 0.0000 0.0000 (  4477 PWs)   bands (ev):

    -7.4330  -7.4330  -7.4330  -7.4330  -7.0078  -7.0078  -6.9546  -6.9546
    -6.9546  -6.9546  -5.1208  -5.1208   7.3854   7.3854   7.7209   7.7209
     7.7209   7.7209   8.1237   8.1237  11.1995  11.1995  11.3932  11.3932
    11.3932  11.3932

          k =-0.5000 0.5000-0.5000 (  4398 PWs)   bands (ev):

    -7.4565  -7.4565  -7.4281  -7.4281  -7.0176  -7.0176  -6.9768  -6.9768
    -6.9353  -6.9353  -3.3601  -3.3601   0.9589   0.9589   6.3595   6.3595
     6.5661   6.5661   8.5980   8.5980  12.1890  12.1890  12.2813  12.2813
    15.4213  15.4213

          k = 0.5000 0.5000 0.5000 (  4398 PWs)   bands (ev):

    -7.4565  -7.4565  -7.4281  -7.4281  -7.0176  -7.0176  -6.9768  -6.9768
    -6.9353  -6.9353  -3.3601  -3.3601   0.9589   0.9589   6.3595   6.3595
     6.5661   6.5661   8.5980   8.5980  12.1890  12.1890  12.2813  12.2813
    15.4213  15.4213

          k = 0.0000 1.0000 0.0000 (  4360 PWs)   bands (ev):

    -7.4747  -7.4747  -7.4117  -7.4117  -7.0289  -7.0289  -6.9537  -6.9537
    -6.9371  -6.9371  -2.6229  -2.6229   0.7817   0.7817   4.8806   4.8806
     4.9647   4.9647   9.0633   9.0633   9.2487   9.2487  17.7535  17.7535
    17.8090  17.8090

          k =-0.5000-0.5000 0.5000 (  4398 PWs)   bands (ev):

    -7.4565  -7.4565  -7.4281  -7.4281  -7.0176  -7.0176  -6.9768  -6.9768
    -6.9353  -6.9353  -3.3601  -3.3601   0.9589   0.9589   6.3595   6.3595
     6.5661   6.5661   8.5980   8.5980  12.1890  12.1890  12.2813  12.2813
    15.4213  15.4213

          k =-1.0000 0.0000 0.0000 (  4360 PWs)   bands (ev):

    -7.4747  -7.4747  -7.4117  -7.4117  -7.0289  -7.0289  -6.9537  -6.9537
    -6.9371  -6.9371  -2.6229  -2.6229   0.7817   0.7817   4.8806   4.8806
     4.9647   4.9647   9.0633   9.0633   9.2487   9.2487  17.7535  17.7535
    17.8090  17.8090

          k = 0.0000 0.0000 1.0000 (  4360 PWs)   bands (ev):

    -7.4747  -7.4747  -7.4117  -7.4117  -7.0289  -7.0289  -6.9537  -6.9537
    -6.9371  -6.9371  -2.6229  -2.6229   0.7817   0.7817   4.8806   4.8806
     4.9647   4.9647   9.0633   9.0633   9.2487   9.2487  17.7535  17.7535
    17.8090  17.8090

          k =-0.5000 0.5000 0.5000 (  4398 PWs)   bands (ev):

    -7.4565  -7.4565  -7.4281  -7.4281  -7.0176  -7.0176  -6.9768  -6.9768
    -6.9353  -6.9353  -3.3601  -3.3601   0.9589   0.9589   6.3595   6.3595
     6.5661   6.5661   8.5980   8.5980  12.1890  12.1890  12.2813  12.2813
    15.4213  15.4213

     Writing output data file ./temp/GaAs.save/
 
     init_run     :      0.71s CPU      0.78s WALL (       1 calls)
     electrons    :      1.01s CPU      1.30s WALL (       1 calls)

     Called by init_run:
     wfcinit      :      0.00s CPU      0.01s WALL (       1 calls)
     potinit      :      0.30s CPU      0.33s WALL (       1 calls)
     hinit0       :      0.28s CPU      0.30s WALL (       1 calls)

     Called by electrons:
     c_bands      :      1.00s CPU      1.04s WALL (       1 calls)
     v_of_rho     :      0.06s CPU      0.06s WALL (       1 calls)
     newd         :      0.05s CPU      0.06s WALL (       1 calls)
     PAW_pot      :      0.10s CPU      0.11s WALL (       1 calls)

     Called by c_bands:
     init_us_2    :      0.00s CPU      0.00s WALL (       1 calls)
     cegterg      :      0.65s CPU      0.66s WALL (       1 calls)

     Called by *egterg:
     cdiaghg      :      0.02s CPU      0.02s WALL (      21 calls)
     h_psi        :      0.54s CPU      0.55s WALL (      22 calls)
     s_psi        :      0.02s CPU      0.01s WALL (      22 calls)
     g_psi        :      0.00s CPU      0.00s WALL (      20 calls)

     Called by h_psi:
     h_psi:calbec :      0.03s CPU      0.03s WALL (      22 calls)
     vloc_psi     :      0.49s CPU      0.50s WALL (      22 calls)
     add_vuspsi   :      0.01s CPU      0.02s WALL (      22 calls)

     General routines
     calbec       :      0.03s CPU      0.03s WALL (      22 calls)
     fft          :      0.04s CPU      0.04s WALL (      19 calls)
     ffts         :      0.00s CPU      0.00s WALL (       4 calls)
     fftw         :      0.25s CPU      0.28s WALL (    1876 calls)
     interpolate  :      0.01s CPU      0.01s WALL (       4 calls)
     davcio       :      0.00s CPU      0.27s WALL (       2 calls)
 
     Parallel routines
 
     PWSCF        :      2.44s CPU      3.83s WALL

 
   This run was terminated on:   9:53: 8  18Apr2021            

=------------------------------------------------------------------------------=
   JOB DONE.
=------------------------------------------------------------------------------=
